MPLINK 5.08, LINKER
Linker Map File - Created Sat Dec 26 18:58:20 2020

                                 Section Info
                  Section       Type    Address   Location Size(Bytes)
                ---------  ---------  ---------  ---------  ---------
                 RES_VECT       code   0x000000    program   0x000004
                   .cinit    romdata   0x000004    program   0x000002
                MAIN_PROG       code   0x000006    program   0x000064
.config_300001_BUILD/DEFAULT/DEBUG/MAIN.O    romdata   0x300001    program   0x000001



                              Program Memory Usage 
                               Start         End      
                           ---------   ---------      
                            0x000000    0x000069      
                            0x300001    0x300001      
            107 out of 33048 program addresses used, program memory utilization is 0%



                              Symbols - Sorted by Name
                     Name    Address   Location    Storage File                     
                ---------  ---------  ---------  --------- ---------                
                 DELAY_1s   0x000006    program     static C:\Users\mrfma\OneDrive\Desktop\MPLABXProjects\4-15\PIC18F4520-Blink-Assembly.X\main.asm
              DELAY_200ms   0x000026    program     static C:\Users\mrfma\OneDrive\Desktop\MPLABXProjects\4-15\PIC18F4520-Blink-Assembly.X\main.asm
                   LOOPD1   0x000012    program     static C:\Users\mrfma\OneDrive\Desktop\MPLABXProjects\4-15\PIC18F4520-Blink-Assembly.X\main.asm
                   LOOPD2   0x000032    program     static C:\Users\mrfma\OneDrive\Desktop\MPLABXProjects\4-15\PIC18F4520-Blink-Assembly.X\main.asm
                     MAIN   0x000052    program     static C:\Users\mrfma\OneDrive\Desktop\MPLABXProjects\4-15\PIC18F4520-Blink-Assembly.X\main.asm
                    START   0x000048    program     static C:\Users\mrfma\OneDrive\Desktop\MPLABXProjects\4-15\PIC18F4520-Blink-Assembly.X\main.asm



                              Symbols - Sorted by Address
                     Name    Address   Location    Storage File                     
                ---------  ---------  ---------  --------- ---------                
                 DELAY_1s   0x000006    program     static C:\Users\mrfma\OneDrive\Desktop\MPLABXProjects\4-15\PIC18F4520-Blink-Assembly.X\main.asm
                   LOOPD1   0x000012    program     static C:\Users\mrfma\OneDrive\Desktop\MPLABXProjects\4-15\PIC18F4520-Blink-Assembly.X\main.asm
              DELAY_200ms   0x000026    program     static C:\Users\mrfma\OneDrive\Desktop\MPLABXProjects\4-15\PIC18F4520-Blink-Assembly.X\main.asm
                   LOOPD2   0x000032    program     static C:\Users\mrfma\OneDrive\Desktop\MPLABXProjects\4-15\PIC18F4520-Blink-Assembly.X\main.asm
                    START   0x000048    program     static C:\Users\mrfma\OneDrive\Desktop\MPLABXProjects\4-15\PIC18F4520-Blink-Assembly.X\main.asm
                     MAIN   0x000052    program     static C:\Users\mrfma\OneDrive\Desktop\MPLABXProjects\4-15\PIC18F4520-Blink-Assembly.X\main.asm


